Component: ARM Compiler 5.05 update 1 (build 106) Tool: armlink [4d0efa]

==============================================================================

Section Cross References

    main.o(i.Draw_RoundRect) refers to lcd.o(i.LCD_Address_Set) for LCD_Address_Set
    main.o(i.Draw_RoundRect) refers to lcd.o(i.LCD_WR_DATA) for LCD_WR_DATA
    main.o(i.main) refers to delay.o(i.Periphery_Init) for Periphery_Init
    main.o(i.main) refers to lcd.o(i.LCD_Init) for LCD_Init
    main.o(i.main) refers to lcd.o(i.LCD_Fill) for LCD_Fill
    main.o(i.main) refers to lcd.o(i.Bresenham_Line) for Bresenham_Line
    lcd.o(i.Bresenham_Line) refers to lcd.o(i.LCD_DrawPoint) for LCD_DrawPoint
    lcd.o(i.LCD_Address_Set) refers to lcd.o(i.LCD_WR_REG) for LCD_WR_REG
    lcd.o(i.LCD_Address_Set) refers to lcd.o(i.LCD_WR_DATA) for LCD_WR_DATA
    lcd.o(i.LCD_DrawPoint) refers to lcd.o(i.LCD_Address_Set) for LCD_Address_Set
    lcd.o(i.LCD_DrawPoint) refers to lcd.o(i.LCD_WR_DATA) for LCD_WR_DATA
    lcd.o(i.LCD_Fill) refers to lcd.o(i.LCD_Address_Set) for LCD_Address_Set
    lcd.o(i.LCD_Fill) refers to lcd.o(i.LCD_WR_DATA) for LCD_WR_DATA
    lcd.o(i.LCD_Init) refers to delay.o(i.delay_ms) for delay_ms
    lcd.o(i.LCD_Init) refers to lcd.o(i.LCD_WR_REG) for LCD_WR_REG
    lcd.o(i.LCD_Init) refers to lcd.o(i.LCD_WR_DATA8) for LCD_WR_DATA8
    lcd.o(i.LCD_WR_DATA) refers to lcd.o(i.LCD_Writ_Bus) for LCD_Writ_Bus
    lcd.o(i.LCD_WR_DATA8) refers to lcd.o(i.LCD_Writ_Bus) for LCD_Writ_Bus
    lcd.o(i.LCD_WR_REG) refers to lcd.o(i.LCD_Writ_Bus) for LCD_Writ_Bus
    delay.o(i.Periphery_Init) refers to delay.o(i.Stm32_Clock_Init) for Stm32_Clock_Init
    startup_stm32f10x_md.o(STACK) refers (Special) to heapauxi.o(.text) for __use_two_region_memory
    startup_stm32f10x_md.o(HEAP) refers (Special) to heapauxi.o(.text) for __use_two_region_memory
    startup_stm32f10x_md.o(RESET) refers (Special) to heapauxi.o(.text) for __use_two_region_memory
    startup_stm32f10x_md.o(RESET) refers to startup_stm32f10x_md.o(STACK) for __initial_sp
    startup_stm32f10x_md.o(RESET) refers to startup_stm32f10x_md.o(.text) for Reset_Handler
    startup_stm32f10x_md.o(.text) refers (Special) to heapauxi.o(.text) for __use_two_region_memory
    startup_stm32f10x_md.o(.text) refers to __main.o(!!!main) for __main
    startup_stm32f10x_md.o(.text) refers to startup_stm32f10x_md.o(HEAP) for Heap_Mem
    startup_stm32f10x_md.o(.text) refers to startup_stm32f10x_md.o(STACK) for Stack_Mem
    __main.o(!!!main) refers to __rtentry.o(.ARM.Collect$$rtentry$$00000000) for __rt_entry
    __rtentry.o(.ARM.Collect$$rtentry$$00000000) refers (Special) to __rtentry2.o(.ARM.Collect$$rtentry$$0000000A) for __rt_entry_li
    __rtentry.o(.ARM.Collect$$rtentry$$00000000) refers (Special) to __rtentry2.o(.ARM.Collect$$rtentry$$0000000D) for __rt_entry_main
    __rtentry.o(.ARM.Collect$$rtentry$$00000000) refers (Special) to __rtentry2.o(.ARM.Collect$$rtentry$$0000000C) for __rt_entry_postli_1
    __rtentry.o(.ARM.Collect$$rtentry$$00000000) refers (Special) to __rtentry2.o(.ARM.Collect$$rtentry$$00000009) for __rt_entry_postsh_1
    __rtentry.o(.ARM.Collect$$rtentry$$00000000) refers (Special) to __rtentry2.o(.ARM.Collect$$rtentry$$00000002) for __rt_entry_presh_1
    __rtentry.o(.ARM.Collect$$rtentry$$00000000) refers (Special) to __rtentry4.o(.ARM.Collect$$rtentry$$00000004) for __rt_entry_sh
    __rtentry2.o(.ARM.Collect$$rtentry$$00000008) refers to boardinit2.o(.text) for _platform_post_stackheap_init
    __rtentry2.o(.ARM.Collect$$rtentry$$0000000A) refers to libinit.o(.ARM.Collect$$libinit$$00000000) for __rt_lib_init
    __rtentry2.o(.ARM.Collect$$rtentry$$0000000B) refers to boardinit3.o(.text) for _platform_post_lib_init
    __rtentry2.o(.ARM.Collect$$rtentry$$0000000D) refers to main.o(i.main) for main
    __rtentry2.o(.ARM.Collect$$rtentry$$0000000D) refers to exit.o(.text) for exit
    __rtentry2.o(.ARM.exidx) refers to __rtentry2.o(.ARM.Collect$$rtentry$$00000001) for .ARM.Collect$$rtentry$$00000001
    __rtentry2.o(.ARM.exidx) refers to __rtentry2.o(.ARM.Collect$$rtentry$$00000008) for .ARM.Collect$$rtentry$$00000008
    __rtentry2.o(.ARM.exidx) refers to __rtentry2.o(.ARM.Collect$$rtentry$$0000000A) for .ARM.Collect$$rtentry$$0000000A
    __rtentry2.o(.ARM.exidx) refers to __rtentry2.o(.ARM.Collect$$rtentry$$0000000B) for .ARM.Collect$$rtentry$$0000000B
    __rtentry2.o(.ARM.exidx) refers to __rtentry2.o(.ARM.Collect$$rtentry$$0000000D) for .ARM.Collect$$rtentry$$0000000D
    __rtentry4.o(.ARM.Collect$$rtentry$$00000004) refers to sys_stackheap_outer.o(.text) for __user_setup_stackheap
    __rtentry4.o(.ARM.exidx) refers to __rtentry4.o(.ARM.Collect$$rtentry$$00000004) for .ARM.Collect$$rtentry$$00000004
    sys_stackheap_outer.o(.text) refers to libspace.o(.text) for __user_perproc_libspace
    sys_stackheap_outer.o(.text) refers to startup_stm32f10x_md.o(.text) for __user_initial_stackheap
    exit.o(.text) refers to rtexit.o(.ARM.Collect$$rtexit$$00000000) for __rt_exit
    libinit.o(.ARM.Collect$$libinit$$00000000) refers (Special) to libinit2.o(.ARM.Collect$$libinit$$0000002E) for __rt_lib_init_alloca_1
    libinit.o(.ARM.Collect$$libinit$$00000000) refers (Special) to libinit2.o(.ARM.Collect$$libinit$$0000002C) for __rt_lib_init_argv_1
    libinit.o(.ARM.Collect$$libinit$$00000000) refers (Special) to libinit2.o(.ARM.Collect$$libinit$$0000001B) for __rt_lib_init_atexit_1
    libinit.o(.ARM.Collect$$libinit$$00000000) refers (Special) to libinit2.o(.ARM.Collect$$libinit$$00000021) for __rt_lib_init_clock_1
    libinit.o(.ARM.Collect$$libinit$$00000000) refers (Special) to libinit2.o(.ARM.Collect$$libinit$$00000032) for __rt_lib_init_cpp_1
    libinit.o(.ARM.Collect$$libinit$$00000000) refers (Special) to libinit2.o(.ARM.Collect$$libinit$$00000030) for __rt_lib_init_exceptions_1
    libinit.o(.ARM.Collect$$libinit$$00000000) refers (Special) to libinit2.o(.ARM.Collect$$libinit$$00000002) for __rt_lib_init_fp_1
    libinit.o(.ARM.Collect$$libinit$$00000000) refers (Special) to libinit2.o(.ARM.Collect$$libinit$$0000001F) for __rt_lib_init_fp_trap_1
    libinit.o(.ARM.Collect$$libinit$$00000000) refers (Special) to libinit2.o(.ARM.Collect$$libinit$$00000023) for __rt_lib_init_getenv_1
    libinit.o(.ARM.Collect$$libinit$$00000000) refers (Special) to libinit2.o(.ARM.Collect$$libinit$$0000000A) for __rt_lib_init_heap_1
    libinit.o(.ARM.Collect$$libinit$$00000000) refers (Special) to libinit2.o(.ARM.Collect$$libinit$$00000011) for __rt_lib_init_lc_collate_1
    libinit.o(.ARM.Collect$$libinit$$00000000) refers (Special) to libinit2.o(.ARM.Collect$$libinit$$00000013) for __rt_lib_init_lc_ctype_1
    libinit.o(.ARM.Collect$$libinit$$00000000) refers (Special) to libinit2.o(.ARM.Collect$$libinit$$00000015) for __rt_lib_init_lc_monetary_1
    libinit.o(.ARM.Collect$$libinit$$00000000) refers (Special) to libinit2.o(.ARM.Collect$$libinit$$00000017) for __rt_lib_init_lc_numeric_1
    libinit.o(.ARM.Collect$$libinit$$00000000) refers (Special) to libinit2.o(.ARM.Collect$$libinit$$00000019) for __rt_lib_init_lc_time_1
    libinit.o(.ARM.Collect$$libinit$$00000000) refers (Special) to libinit2.o(.ARM.Collect$$libinit$$00000004) for __rt_lib_init_preinit_1
    libinit.o(.ARM.Collect$$libinit$$00000000) refers (Special) to libinit2.o(.ARM.Collect$$libinit$$0000000E) for __rt_lib_init_rand_1
    libinit.o(.ARM.Collect$$libinit$$00000000) refers (Special) to libinit2.o(.ARM.Collect$$libinit$$00000033) for __rt_lib_init_return
    libinit.o(.ARM.Collect$$libinit$$00000000) refers (Special) to libinit2.o(.ARM.Collect$$libinit$$0000001D) for __rt_lib_init_signal_1
    libinit.o(.ARM.Collect$$libinit$$00000000) refers (Special) to libinit2.o(.ARM.Collect$$libinit$$00000025) for __rt_lib_init_stdio_1
    libinit.o(.ARM.Collect$$libinit$$00000000) refers (Special) to libinit2.o(.ARM.Collect$$libinit$$0000000C) for __rt_lib_init_user_alloc_1
    libspace.o(.text) refers to libspace.o(.bss) for __libspace_start
    rtexit.o(.ARM.Collect$$rtexit$$00000000) refers (Special) to rtexit2.o(.ARM.Collect$$rtexit$$00000004) for __rt_exit_exit
    rtexit.o(.ARM.Collect$$rtexit$$00000000) refers (Special) to rtexit2.o(.ARM.Collect$$rtexit$$00000003) for __rt_exit_ls
    rtexit.o(.ARM.Collect$$rtexit$$00000000) refers (Special) to rtexit2.o(.ARM.Collect$$rtexit$$00000002) for __rt_exit_prels_1
    rtexit.o(.ARM.exidx) refers (Special) to rtexit2.o(.ARM.Collect$$rtexit$$00000004) for __rt_exit_exit
    rtexit.o(.ARM.exidx) refers (Special) to rtexit2.o(.ARM.Collect$$rtexit$$00000003) for __rt_exit_ls
    rtexit.o(.ARM.exidx) refers (Special) to rtexit2.o(.ARM.Collect$$rtexit$$00000002) for __rt_exit_prels_1
    rtexit.o(.ARM.exidx) refers to rtexit.o(.ARM.Collect$$rtexit$$00000000) for .ARM.Collect$$rtexit$$00000000
    libinit2.o(.ARM.Collect$$libinit$$00000010) refers to libinit2.o(.ARM.Collect$$libinit$$0000000F) for .ARM.Collect$$libinit$$0000000F
    libinit2.o(.ARM.Collect$$libinit$$00000012) refers to libinit2.o(.ARM.Collect$$libinit$$0000000F) for .ARM.Collect$$libinit$$0000000F
    libinit2.o(.ARM.Collect$$libinit$$00000014) refers to libinit2.o(.ARM.Collect$$libinit$$0000000F) for .ARM.Collect$$libinit$$0000000F
    libinit2.o(.ARM.Collect$$libinit$$00000016) refers to libinit2.o(.ARM.Collect$$libinit$$0000000F) for .ARM.Collect$$libinit$$0000000F
    libinit2.o(.ARM.Collect$$libinit$$00000018) refers to libinit2.o(.ARM.Collect$$libinit$$0000000F) for .ARM.Collect$$libinit$$0000000F
    libinit2.o(.ARM.Collect$$libinit$$00000026) refers to argv_veneer.o(.emb_text) for __ARM_argv_veneer
    libinit2.o(.ARM.Collect$$libinit$$00000027) refers to argv_veneer.o(.emb_text) for __ARM_argv_veneer
    rtexit2.o(.ARM.Collect$$rtexit$$00000003) refers to libshutdown.o(.ARM.Collect$$libshutdown$$00000000) for __rt_lib_shutdown
    rtexit2.o(.ARM.Collect$$rtexit$$00000004) refers to sys_exit.o(.text) for _sys_exit
    rtexit2.o(.ARM.exidx) refers to rtexit2.o(.ARM.Collect$$rtexit$$00000001) for .ARM.Collect$$rtexit$$00000001
    rtexit2.o(.ARM.exidx) refers to rtexit2.o(.ARM.Collect$$rtexit$$00000003) for .ARM.Collect$$rtexit$$00000003
    rtexit2.o(.ARM.exidx) refers to rtexit2.o(.ARM.Collect$$rtexit$$00000004) for .ARM.Collect$$rtexit$$00000004
    argv_veneer.o(.emb_text) refers to no_argv.o(.text) for __ARM_get_argv
    sys_exit.o(.text) refers (Special) to use_no_semi.o(.text) for __I$use$semihosting
    sys_exit.o(.text) refers (Special) to indicate_semi.o(.text) for __semihosting_library_function
    _get_argv_nomalloc.o(.text) refers (Special) to hrguard.o(.text) for __heap_region$guard
    _get_argv_nomalloc.o(.text) refers to defsig_rtmem_outer.o(.text) for __rt_SIGRTMEM
    _get_argv_nomalloc.o(.text) refers to sys_command.o(.text) for _sys_command_string
    libshutdown.o(.ARM.Collect$$libshutdown$$00000000) refers (Special) to libshutdown2.o(.ARM.Collect$$libshutdown$$00000006) for __rt_lib_shutdown_fp_trap_1
    libshutdown.o(.ARM.Collect$$libshutdown$$00000000) refers (Special) to libshutdown2.o(.ARM.Collect$$libshutdown$$0000000E) for __rt_lib_shutdown_heap_1
    libshutdown.o(.ARM.Collect$$libshutdown$$00000000) refers (Special) to libshutdown2.o(.ARM.Collect$$libshutdown$$0000000F) for __rt_lib_shutdown_return
    libshutdown.o(.ARM.Collect$$libshutdown$$00000000) refers (Special) to libshutdown2.o(.ARM.Collect$$libshutdown$$00000009) for __rt_lib_shutdown_signal_1
    libshutdown.o(.ARM.Collect$$libshutdown$$00000000) refers (Special) to libshutdown2.o(.ARM.Collect$$libshutdown$$00000003) for __rt_lib_shutdown_stdio_1
    libshutdown.o(.ARM.Collect$$libshutdown$$00000000) refers (Special) to libshutdown2.o(.ARM.Collect$$libshutdown$$0000000B) for __rt_lib_shutdown_user_alloc_1
    sys_command.o(.text) refers (Special) to use_no_semi.o(.text) for __I$use$semihosting
    sys_command.o(.text) refers (Special) to indicate_semi.o(.text) for __semihosting_library_function
    defsig_rtmem_outer.o(.text) refers to defsig_rtmem_inner.o(.text) for __rt_SIGRTMEM_inner
    defsig_rtmem_outer.o(.text) refers to defsig_exit.o(.text) for __sig_exit
    defsig_rtmem_formal.o(.text) refers to rt_raise.o(.text) for __rt_raise
    rt_raise.o(.text) refers to __raise.o(.text) for __raise
    rt_raise.o(.text) refers to sys_exit.o(.text) for _sys_exit
    defsig_exit.o(.text) refers to sys_exit.o(.text) for _sys_exit
    defsig_rtmem_inner.o(.text) refers to defsig_general.o(.text) for __default_signal_display
    __raise.o(.text) refers to defsig.o(CL$$defsig) for __default_signal_handler
    defsig_general.o(.text) refers to sys_wrch.o(.text) for _ttywrch
    sys_wrch.o(.text) refers (Special) to use_no_semi.o(.text) for __I$use$semihosting
    sys_wrch.o(.text) refers (Special) to indicate_semi.o(.text) for __semihosting_library_function
    defsig.o(CL$$defsig) refers to defsig_rtmem_inner.o(.text) for __rt_SIGRTMEM_inner
    defsig_abrt_inner.o(.text) refers to defsig_general.o(.text) for __default_signal_display
    defsig_fpe_inner.o(.text) refers to defsig_general.o(.text) for __default_signal_display
    defsig_rtred_inner.o(.text) refers to defsig_general.o(.text) for __default_signal_display
    defsig_stak_inner.o(.text) refers to defsig_general.o(.text) for __default_signal_display
    defsig_pvfn_inner.o(.text) refers to defsig_general.o(.text) for __default_signal_display
    defsig_cppl_inner.o(.text) refers to defsig_general.o(.text) for __default_signal_display
    defsig_segv_inner.o(.text) refers to defsig_general.o(.text) for __default_signal_display
    defsig_other.o(.text) refers to defsig_general.o(.text) for __default_signal_display


==============================================================================

Removing Unused input sections from the image.

    Removing main.o(i.Draw_RoundRect), (238 bytes).
    Removing delay.o(i.delay_us), (52 bytes).

2 unused section(s) (total 290 bytes) removed from the image.

==============================================================================

Image Symbol Table

    Local Symbols

    Symbol Name                              Value     Ov Type        Size  Object(Section)

    ../clib/angel/boardlib.s                 0x00000000   Number         0  boardinit3.o ABSOLUTE
    ../clib/angel/boardlib.s                 0x00000000   Number         0  boardinit2.o ABSOLUTE
    ../clib/angel/boardlib.s                 0x00000000   Number         0  boardinit1.o ABSOLUTE
    ../clib/angel/boardlib.s                 0x00000000   Number         0  boardshut.o ABSOLUTE
    ../clib/angel/handlers.s                 0x00000000   Number         0  __scatter_zi.o ABSOLUTE
    ../clib/angel/kernel.s                   0x00000000   Number         0  __rtentry4.o ABSOLUTE
    ../clib/angel/kernel.s                   0x00000000   Number         0  __rtentry2.o ABSOLUTE
    ../clib/angel/kernel.s                   0x00000000   Number         0  __rtentry.o ABSOLUTE
    ../clib/angel/kernel.s                   0x00000000   Number         0  rtexit2.o ABSOLUTE
    ../clib/angel/kernel.s                   0x00000000   Number         0  rtexit.o ABSOLUTE
    ../clib/angel/rt.s                       0x00000000   Number         0  rt_raise.o ABSOLUTE
    ../clib/angel/scatter.s                  0x00000000   Number         0  __scatter.o ABSOLUTE
    ../clib/angel/startup.s                  0x00000000   Number         0  __main.o ABSOLUTE
    ../clib/angel/sys.s                      0x00000000   Number         0  libspace.o ABSOLUTE
    ../clib/angel/sys.s                      0x00000000   Number         0  indicate_semi.o ABSOLUTE
    ../clib/angel/sys.s                      0x00000000   Number         0  sys_stackheap_outer.o ABSOLUTE
    ../clib/angel/sys.s                      0x00000000   Number         0  use_no_semi.o ABSOLUTE
    ../clib/angel/sysapp.c                   0x00000000   Number         0  sys_exit.o ABSOLUTE
    ../clib/angel/sysapp.c                   0x00000000   Number         0  sys_command.o ABSOLUTE
    ../clib/angel/sysapp.c                   0x00000000   Number         0  sys_wrch.o ABSOLUTE
    ../clib/armsys.c                         0x00000000   Number         0  _get_argv_nomalloc.o ABSOLUTE
    ../clib/armsys.c                         0x00000000   Number         0  no_argv.o ABSOLUTE
    ../clib/armsys.c                         0x00000000   Number         0  argv_veneer.o ABSOLUTE
    ../clib/armsys.c                         0x00000000   Number         0  argv_veneer.o ABSOLUTE
    ../clib/heapalloc.c                      0x00000000   Number         0  hrguard.o ABSOLUTE
    ../clib/heapaux.c                        0x00000000   Number         0  heapauxi.o ABSOLUTE
    ../clib/libinit.s                        0x00000000   Number         0  libshutdown.o ABSOLUTE
    ../clib/libinit.s                        0x00000000   Number         0  libshutdown2.o ABSOLUTE
    ../clib/libinit.s                        0x00000000   Number         0  libinit.o ABSOLUTE
    ../clib/libinit.s                        0x00000000   Number         0  libinit2.o ABSOLUTE
    ../clib/signal.c                         0x00000000   Number         0  defsig_rtred_inner.o ABSOLUTE
    ../clib/signal.c                         0x00000000   Number         0  defsig_other.o ABSOLUTE
    ../clib/signal.c                         0x00000000   Number         0  defsig_segv_inner.o ABSOLUTE
    ../clib/signal.c                         0x00000000   Number         0  defsig_cppl_inner.o ABSOLUTE
    ../clib/signal.c                         0x00000000   Number         0  defsig_stak_inner.o ABSOLUTE
    ../clib/signal.c                         0x00000000   Number         0  defsig_fpe_inner.o ABSOLUTE
    ../clib/signal.c                         0x00000000   Number         0  defsig_abrt_inner.o ABSOLUTE
    ../clib/signal.c                         0x00000000   Number         0  defsig_rtmem_outer.o ABSOLUTE
    ../clib/signal.c                         0x00000000   Number         0  defsig_exit.o ABSOLUTE
    ../clib/signal.c                         0x00000000   Number         0  defsig_rtmem_formal.o ABSOLUTE
    ../clib/signal.c                         0x00000000   Number         0  defsig_rtmem_inner.o ABSOLUTE
    ../clib/signal.c                         0x00000000   Number         0  __raise.o ABSOLUTE
    ../clib/signal.c                         0x00000000   Number         0  defsig_general.o ABSOLUTE
    ../clib/signal.c                         0x00000000   Number         0  defsig_pvfn_inner.o ABSOLUTE
    ../clib/signal.s                         0x00000000   Number         0  defsig.o ABSOLUTE
    ../clib/stdlib.c                         0x00000000   Number         0  exit.o ABSOLUTE
    ../fplib/fpinit.s                        0x00000000   Number         0  fpinit.o ABSOLUTE
    ..\SRC\HARDWARE\LCD\lcd.c                0x00000000   Number         0  lcd.o ABSOLUTE
    ..\SRC\SYSTEM\delay\delay.c              0x00000000   Number         0  delay.o ABSOLUTE
    ..\SRC\SYSTEM\startup_stm32f10x_md.s     0x00000000   Number         0  startup_stm32f10x_md.o ABSOLUTE
    dc.s                                     0x00000000   Number         0  dc.o ABSOLUTE
    main.c                                   0x00000000   Number         0  main.o ABSOLUTE
    RESET                                    0x20000000   Section      236  startup_stm32f10x_md.o(RESET)
    !!!main                                  0x200000ec   Section        8  __main.o(!!!main)
    !!!scatter                               0x200000f4   Section       52  __scatter.o(!!!scatter)
    !!handler_zi                             0x20000128   Section       28  __scatter_zi.o(!!handler_zi)
    .ARM.Collect$$libinit$$00000000          0x20000144   Section        2  libinit.o(.ARM.Collect$$libinit$$00000000)
    .ARM.Collect$$libinit$$00000002          0x20000146   Section        0  libinit2.o(.ARM.Collect$$libinit$$00000002)
    .ARM.Collect$$libinit$$00000004          0x20000146   Section        0  libinit2.o(.ARM.Collect$$libinit$$00000004)
    .ARM.Collect$$libinit$$0000000A          0x20000146   Section        0  libinit2.o(.ARM.Collect$$libinit$$0000000A)
    .ARM.Collect$$libinit$$0000000C          0x20000146   Section        0  libinit2.o(.ARM.Collect$$libinit$$0000000C)
    .ARM.Collect$$libinit$$0000000E          0x20000146   Section        0  libinit2.o(.ARM.Collect$$libinit$$0000000E)
    .ARM.Collect$$libinit$$00000011          0x20000146   Section        0  libinit2.o(.ARM.Collect$$libinit$$00000011)
    .ARM.Collect$$libinit$$00000013          0x20000146   Section        0  libinit2.o(.ARM.Collect$$libinit$$00000013)
    .ARM.Collect$$libinit$$00000015          0x20000146   Section        0  libinit2.o(.ARM.Collect$$libinit$$00000015)
    .ARM.Collect$$libinit$$00000017          0x20000146   Section        0  libinit2.o(.ARM.Collect$$libinit$$00000017)
    .ARM.Collect$$libinit$$00000019          0x20000146   Section        0  libinit2.o(.ARM.Collect$$libinit$$00000019)
    .ARM.Collect$$libinit$$0000001B          0x20000146   Section        0  libinit2.o(.ARM.Collect$$libinit$$0000001B)
    .ARM.Collect$$libinit$$0000001D          0x20000146   Section        0  libinit2.o(.ARM.Collect$$libinit$$0000001D)
    .ARM.Collect$$libinit$$0000001F          0x20000146   Section        0  libinit2.o(.ARM.Collect$$libinit$$0000001F)
    .ARM.Collect$$libinit$$00000021          0x20000146   Section        0  libinit2.o(.ARM.Collect$$libinit$$00000021)
    .ARM.Collect$$libinit$$00000023          0x20000146   Section        0  libinit2.o(.ARM.Collect$$libinit$$00000023)
    .ARM.Collect$$libinit$$00000025          0x20000146   Section        0  libinit2.o(.ARM.Collect$$libinit$$00000025)
    .ARM.Collect$$libinit$$0000002C          0x20000146   Section        0  libinit2.o(.ARM.Collect$$libinit$$0000002C)
    .ARM.Collect$$libinit$$0000002E          0x20000146   Section        0  libinit2.o(.ARM.Collect$$libinit$$0000002E)
    .ARM.Collect$$libinit$$00000030          0x20000146   Section        0  libinit2.o(.ARM.Collect$$libinit$$00000030)
    .ARM.Collect$$libinit$$00000032          0x20000146   Section        0  libinit2.o(.ARM.Collect$$libinit$$00000032)
    .ARM.Collect$$libinit$$00000033          0x20000146   Section        2  libinit2.o(.ARM.Collect$$libinit$$00000033)
    .ARM.Collect$$libshutdown$$00000000      0x20000148   Section        2  libshutdown.o(.ARM.Collect$$libshutdown$$00000000)
    .ARM.Collect$$libshutdown$$00000003      0x2000014a   Section        0  libshutdown2.o(.ARM.Collect$$libshutdown$$00000003)
    .ARM.Collect$$libshutdown$$00000006      0x2000014a   Section        0  libshutdown2.o(.ARM.Collect$$libshutdown$$00000006)
    .ARM.Collect$$libshutdown$$00000009      0x2000014a   Section        0  libshutdown2.o(.ARM.Collect$$libshutdown$$00000009)
    .ARM.Collect$$libshutdown$$0000000B      0x2000014a   Section        0  libshutdown2.o(.ARM.Collect$$libshutdown$$0000000B)
    .ARM.Collect$$libshutdown$$0000000E      0x2000014a   Section        0  libshutdown2.o(.ARM.Collect$$libshutdown$$0000000E)
    .ARM.Collect$$libshutdown$$0000000F      0x2000014a   Section        2  libshutdown2.o(.ARM.Collect$$libshutdown$$0000000F)
    .ARM.Collect$$rtentry$$00000000          0x2000014c   Section        0  __rtentry.o(.ARM.Collect$$rtentry$$00000000)
    .ARM.Collect$$rtentry$$00000002          0x2000014c   Section        0  __rtentry2.o(.ARM.Collect$$rtentry$$00000002)
    .ARM.Collect$$rtentry$$00000004          0x2000014c   Section        6  __rtentry4.o(.ARM.Collect$$rtentry$$00000004)
    .ARM.Collect$$rtentry$$00000009          0x20000152   Section        0  __rtentry2.o(.ARM.Collect$$rtentry$$00000009)
    .ARM.Collect$$rtentry$$0000000A          0x20000152   Section        4  __rtentry2.o(.ARM.Collect$$rtentry$$0000000A)
    .ARM.Collect$$rtentry$$0000000C          0x20000156   Section        0  __rtentry2.o(.ARM.Collect$$rtentry$$0000000C)
    .ARM.Collect$$rtentry$$0000000D          0x20000156   Section        8  __rtentry2.o(.ARM.Collect$$rtentry$$0000000D)
    .ARM.Collect$$rtexit$$00000000           0x2000015e   Section        2  rtexit.o(.ARM.Collect$$rtexit$$00000000)
    .ARM.Collect$$rtexit$$00000002           0x20000160   Section        0  rtexit2.o(.ARM.Collect$$rtexit$$00000002)
    .ARM.Collect$$rtexit$$00000003           0x20000160   Section        4  rtexit2.o(.ARM.Collect$$rtexit$$00000003)
    .ARM.Collect$$rtexit$$00000004           0x20000164   Section        6  rtexit2.o(.ARM.Collect$$rtexit$$00000004)
    .text                                    0x2000016c   Section       52  startup_stm32f10x_md.o(.text)
    .text                                    0x200001a0   Section        0  heapauxi.o(.text)
    .text                                    0x200001a6   Section       74  sys_stackheap_outer.o(.text)
    .text                                    0x200001f0   Section        0  exit.o(.text)
    .text                                    0x200001fc   Section        8  libspace.o(.text)
    .text                                    0x20000204   Section        0  sys_exit.o(.text)
    .text                                    0x20000210   Section        2  use_no_semi.o(.text)
    .text                                    0x20000212   Section        0  indicate_semi.o(.text)
    i.Bresenham_Line                         0x20000212   Section        0  lcd.o(i.Bresenham_Line)
    i.LCD_Address_Set                        0x20000274   Section        0  lcd.o(i.LCD_Address_Set)
    i.LCD_DrawPoint                          0x200002ae   Section        0  lcd.o(i.LCD_DrawPoint)
    i.LCD_Fill                               0x200002ca   Section        0  lcd.o(i.LCD_Fill)
    i.LCD_Init                               0x20000310   Section        0  lcd.o(i.LCD_Init)
    i.LCD_WR_DATA                            0x20000518   Section        0  lcd.o(i.LCD_WR_DATA)
    i.LCD_WR_DATA8                           0x2000052a   Section        0  lcd.o(i.LCD_WR_DATA8)
    i.LCD_WR_REG                             0x20000538   Section        0  lcd.o(i.LCD_WR_REG)
    i.LCD_Writ_Bus                           0x2000055c   Section        0  lcd.o(i.LCD_Writ_Bus)
    i.Periphery_Init                         0x200005a4   Section        0  delay.o(i.Periphery_Init)
    i.Stm32_Clock_Init                       0x20000694   Section        0  delay.o(i.Stm32_Clock_Init)
    i.delay_ms                               0x20000724   Section        0  delay.o(i.delay_ms)
    i.main                                   0x2000075a   Section        0  main.o(i.main)
    .bss                                     0x20003000   Section       96  libspace.o(.bss)
    HEAP                                     0x20003060   Section        0  startup_stm32f10x_md.o(HEAP)
    STACK                                    0x20003060   Section      512  startup_stm32f10x_md.o(STACK)
    Heap_Mem                                 0x20003060   Data           0  startup_stm32f10x_md.o(HEAP)
    Stack_Mem                                0x20003060   Data         512  startup_stm32f10x_md.o(STACK)
    __initial_sp                             0x20003260   Data           0  startup_stm32f10x_md.o(STACK)

    Global Symbols

    Symbol Name                              Value     Ov Type        Size  Object(Section)

    BuildAttributes$$THM_ISAv4$P$D$K$B$S$PE$A:L22UL41UL21$X:L11$S22US41US21$IEEE1$IW$USESV6$~STKCKD$USESV7$~SHL$OSPACE$ROPI$EBA8$UX$STANDARDLIB$REQ8$PRES8$EABIv2 0x00000000   Number         0  anon$$obj.o ABSOLUTE
    __ARM_use_no_argv                        0x00000000   Number         0  main.o ABSOLUTE
    __ARM_exceptions_init                     - Undefined Weak Reference
    __alloca_initialize                       - Undefined Weak Reference
    __arm_preinit_                            - Undefined Weak Reference
    __cpp_initialize__aeabi_                  - Undefined Weak Reference
    __cxa_finalize                            - Undefined Weak Reference
    __rt_locale                               - Undefined Weak Reference
    __sigvec_lookup                           - Undefined Weak Reference
    _atexit_init                              - Undefined Weak Reference
    _call_atexit_fns                          - Undefined Weak Reference
    _clock_init                               - Undefined Weak Reference
    _fp_trap_init                             - Undefined Weak Reference
    _fp_trap_shutdown                         - Undefined Weak Reference
    _get_lc_collate                           - Undefined Weak Reference
    _get_lc_ctype                             - Undefined Weak Reference
    _get_lc_monetary                          - Undefined Weak Reference
    _get_lc_numeric                           - Undefined Weak Reference
    _get_lc_time                              - Undefined Weak Reference
    _getenv_init                              - Undefined Weak Reference
    _handle_redirection                       - Undefined Weak Reference
    _init_alloc                               - Undefined Weak Reference
    _init_user_alloc                          - Undefined Weak Reference
    _initio                                   - Undefined Weak Reference
    _rand_init                                - Undefined Weak Reference
    _signal_finish                            - Undefined Weak Reference
    _signal_init                              - Undefined Weak Reference
    _terminate_alloc                          - Undefined Weak Reference
    _terminate_user_alloc                     - Undefined Weak Reference
    _terminateio                              - Undefined Weak Reference
    __Vectors_Size                           0x000000ec   Number         0  startup_stm32f10x_md.o ABSOLUTE
    __Vectors                                0x20000000   Data           4  startup_stm32f10x_md.o(RESET)
    __Vectors_End                            0x200000ec   Data           0  startup_stm32f10x_md.o(RESET)
    __main                                   0x200000ed   Thumb Code     8  __main.o(!!!main)
    __scatterload                            0x200000f5   Thumb Code     0  __scatter.o(!!!scatter)
    __scatterload_rt2                        0x200000f5   Thumb Code    44  __scatter.o(!!!scatter)
    __scatterload_rt2_thumb_only             0x200000f5   Thumb Code     0  __scatter.o(!!!scatter)
    __scatterload_null                       0x20000103   Thumb Code     0  __scatter.o(!!!scatter)
    __scatterload_zeroinit                   0x20000129   Thumb Code    28  __scatter_zi.o(!!handler_zi)
    __rt_lib_init                            0x20000145   Thumb Code     0  libinit.o(.ARM.Collect$$libinit$$00000000)
    __rt_lib_init_alloca_1                   0x20000147   Thumb Code     0  libinit2.o(.ARM.Collect$$libinit$$0000002E)
    __rt_lib_init_argv_1                     0x20000147   Thumb Code     0  libinit2.o(.ARM.Collect$$libinit$$0000002C)
    __rt_lib_init_atexit_1                   0x20000147   Thumb Code     0  libinit2.o(.ARM.Collect$$libinit$$0000001B)
    __rt_lib_init_clock_1                    0x20000147   Thumb Code     0  libinit2.o(.ARM.Collect$$libinit$$00000021)
    __rt_lib_init_cpp_1                      0x20000147   Thumb Code     0  libinit2.o(.ARM.Collect$$libinit$$00000032)
    __rt_lib_init_exceptions_1               0x20000147   Thumb Code     0  libinit2.o(.ARM.Collect$$libinit$$00000030)
    __rt_lib_init_fp_1                       0x20000147   Thumb Code     0  libinit2.o(.ARM.Collect$$libinit$$00000002)
    __rt_lib_init_fp_trap_1                  0x20000147   Thumb Code     0  libinit2.o(.ARM.Collect$$libinit$$0000001F)
    __rt_lib_init_getenv_1                   0x20000147   Thumb Code     0  libinit2.o(.ARM.Collect$$libinit$$00000023)
    __rt_lib_init_heap_1                     0x20000147   Thumb Code     0  libinit2.o(.ARM.Collect$$libinit$$0000000A)
    __rt_lib_init_lc_collate_1               0x20000147   Thumb Code     0  libinit2.o(.ARM.Collect$$libinit$$00000011)
    __rt_lib_init_lc_ctype_1                 0x20000147   Thumb Code     0  libinit2.o(.ARM.Collect$$libinit$$00000013)
    __rt_lib_init_lc_monetary_1              0x20000147   Thumb Code     0  libinit2.o(.ARM.Collect$$libinit$$00000015)
    __rt_lib_init_lc_numeric_1               0x20000147   Thumb Code     0  libinit2.o(.ARM.Collect$$libinit$$00000017)
    __rt_lib_init_lc_time_1                  0x20000147   Thumb Code     0  libinit2.o(.ARM.Collect$$libinit$$00000019)
    __rt_lib_init_preinit_1                  0x20000147   Thumb Code     0  libinit2.o(.ARM.Collect$$libinit$$00000004)
    __rt_lib_init_rand_1                     0x20000147   Thumb Code     0  libinit2.o(.ARM.Collect$$libinit$$0000000E)
    __rt_lib_init_return                     0x20000147   Thumb Code     0  libinit2.o(.ARM.Collect$$libinit$$00000033)
    __rt_lib_init_signal_1                   0x20000147   Thumb Code     0  libinit2.o(.ARM.Collect$$libinit$$0000001D)
    __rt_lib_init_stdio_1                    0x20000147   Thumb Code     0  libinit2.o(.ARM.Collect$$libinit$$00000025)
    __rt_lib_init_user_alloc_1               0x20000147   Thumb Code     0  libinit2.o(.ARM.Collect$$libinit$$0000000C)
    __rt_lib_shutdown                        0x20000149   Thumb Code     0  libshutdown.o(.ARM.Collect$$libshutdown$$00000000)
    __rt_lib_shutdown_fp_trap_1              0x2000014b   Thumb Code     0  libshutdown2.o(.ARM.Collect$$libshutdown$$00000006)
    __rt_lib_shutdown_heap_1                 0x2000014b   Thumb Code     0  libshutdown2.o(.ARM.Collect$$libshutdown$$0000000E)
    __rt_lib_shutdown_return                 0x2000014b   Thumb Code     0  libshutdown2.o(.ARM.Collect$$libshutdown$$0000000F)
    __rt_lib_shutdown_signal_1               0x2000014b   Thumb Code     0  libshutdown2.o(.ARM.Collect$$libshutdown$$00000009)
    __rt_lib_shutdown_stdio_1                0x2000014b   Thumb Code     0  libshutdown2.o(.ARM.Collect$$libshutdown$$00000003)
    __rt_lib_shutdown_user_alloc_1           0x2000014b   Thumb Code     0  libshutdown2.o(.ARM.Collect$$libshutdown$$0000000B)
    __rt_entry                               0x2000014d   Thumb Code     0  __rtentry.o(.ARM.Collect$$rtentry$$00000000)
    __rt_entry_presh_1                       0x2000014d   Thumb Code     0  __rtentry2.o(.ARM.Collect$$rtentry$$00000002)
    __rt_entry_sh                            0x2000014d   Thumb Code     0  __rtentry4.o(.ARM.Collect$$rtentry$$00000004)
    __rt_entry_li                            0x20000153   Thumb Code     0  __rtentry2.o(.ARM.Collect$$rtentry$$0000000A)
    __rt_entry_postsh_1                      0x20000153   Thumb Code     0  __rtentry2.o(.ARM.Collect$$rtentry$$00000009)
    __rt_entry_main                          0x20000157   Thumb Code     0  __rtentry2.o(.ARM.Collect$$rtentry$$0000000D)
    __rt_entry_postli_1                      0x20000157   Thumb Code     0  __rtentry2.o(.ARM.Collect$$rtentry$$0000000C)
    __rt_exit                                0x2000015f   Thumb Code     0  rtexit.o(.ARM.Collect$$rtexit$$00000000)
    __rt_exit_ls                             0x20000161   Thumb Code     0  rtexit2.o(.ARM.Collect$$rtexit$$00000003)
    __rt_exit_prels_1                        0x20000161   Thumb Code     0  rtexit2.o(.ARM.Collect$$rtexit$$00000002)
    __rt_exit_exit                           0x20000165   Thumb Code     0  rtexit2.o(.ARM.Collect$$rtexit$$00000004)
    Reset_Handler                            0x2000016d   Thumb Code     4  startup_stm32f10x_md.o(.text)
    NMI_Handler                              0x20000171   Thumb Code     2  startup_stm32f10x_md.o(.text)
    HardFault_Handler                        0x20000173   Thumb Code     2  startup_stm32f10x_md.o(.text)
    MemManage_Handler                        0x20000175   Thumb Code     2  startup_stm32f10x_md.o(.text)
    BusFault_Handler                         0x20000177   Thumb Code     2  startup_stm32f10x_md.o(.text)
    UsageFault_Handler                       0x20000179   Thumb Code     2  startup_stm32f10x_md.o(.text)
    SVC_Handler                              0x2000017b   Thumb Code     2  startup_stm32f10x_md.o(.text)
    DebugMon_Handler                         0x2000017d   Thumb Code     2  startup_stm32f10x_md.o(.text)
    PendSV_Handler                           0x2000017f   Thumb Code     2  startup_stm32f10x_md.o(.text)
    SysTick_Handler                          0x20000181   Thumb Code     2  startup_stm32f10x_md.o(.text)
    ADC1_2_IRQHandler                        0x20000183   Thumb Code     0  startup_stm32f10x_md.o(.text)
    CAN1_RX1_IRQHandler                      0x20000183   Thumb Code     0  startup_stm32f10x_md.o(.text)
    CAN1_SCE_IRQHandler                      0x20000183   Thumb Code     0  startup_stm32f10x_md.o(.text)
    DMA1_Channel1_IRQHandler                 0x20000183   Thumb Code     0  startup_stm32f10x_md.o(.text)
    DMA1_Channel2_IRQHandler                 0x20000183   Thumb Code     0  startup_stm32f10x_md.o(.text)
    DMA1_Channel3_IRQHandler                 0x20000183   Thumb Code     0  startup_stm32f10x_md.o(.text)
    DMA1_Channel4_IRQHandler                 0x20000183   Thumb Code     0  startup_stm32f10x_md.o(.text)
    DMA1_Channel5_IRQHandler                 0x20000183   Thumb Code     0  startup_stm32f10x_md.o(.text)
    DMA1_Channel6_IRQHandler                 0x20000183   Thumb Code     0  startup_stm32f10x_md.o(.text)
    DMA1_Channel7_IRQHandler                 0x20000183   Thumb Code     0  startup_stm32f10x_md.o(.text)
    EXTI0_IRQHandler                         0x20000183   Thumb Code     0  startup_stm32f10x_md.o(.text)
    EXTI15_10_IRQHandler                     0x20000183   Thumb Code     0  startup_stm32f10x_md.o(.text)
    EXTI1_IRQHandler                         0x20000183   Thumb Code     0  startup_stm32f10x_md.o(.text)
    EXTI2_IRQHandler                         0x20000183   Thumb Code     0  startup_stm32f10x_md.o(.text)
    EXTI3_IRQHandler                         0x20000183   Thumb Code     0  startup_stm32f10x_md.o(.text)
    EXTI4_IRQHandler                         0x20000183   Thumb Code     0  startup_stm32f10x_md.o(.text)
    EXTI9_5_IRQHandler                       0x20000183   Thumb Code     0  startup_stm32f10x_md.o(.text)
    FLASH_IRQHandler                         0x20000183   Thumb Code     0  startup_stm32f10x_md.o(.text)
    I2C1_ER_IRQHandler                       0x20000183   Thumb Code     0  startup_stm32f10x_md.o(.text)
    I2C1_EV_IRQHandler                       0x20000183   Thumb Code     0  startup_stm32f10x_md.o(.text)
    I2C2_ER_IRQHandler                       0x20000183   Thumb Code     0  startup_stm32f10x_md.o(.text)
    I2C2_EV_IRQHandler                       0x20000183   Thumb Code     0  startup_stm32f10x_md.o(.text)
    PVD_IRQHandler                           0x20000183   Thumb Code     0  startup_stm32f10x_md.o(.text)
    RCC_IRQHandler                           0x20000183   Thumb Code     0  startup_stm32f10x_md.o(.text)
    RTCAlarm_IRQHandler                      0x20000183   Thumb Code     0  startup_stm32f10x_md.o(.text)
    RTC_IRQHandler                           0x20000183   Thumb Code     0  startup_stm32f10x_md.o(.text)
    SPI1_IRQHandler                          0x20000183   Thumb Code     0  startup_stm32f10x_md.o(.text)
    SPI2_IRQHandler                          0x20000183   Thumb Code     0  startup_stm32f10x_md.o(.text)
    TAMPER_IRQHandler                        0x20000183   Thumb Code     0  startup_stm32f10x_md.o(.text)
    TIM1_BRK_IRQHandler                      0x20000183   Thumb Code     0  startup_stm32f10x_md.o(.text)
    TIM1_CC_IRQHandler                       0x20000183   Thumb Code     0  startup_stm32f10x_md.o(.text)
    TIM1_TRG_COM_IRQHandler                  0x20000183   Thumb Code     0  startup_stm32f10x_md.o(.text)
    TIM1_UP_IRQHandler                       0x20000183   Thumb Code     0  startup_stm32f10x_md.o(.text)
    TIM2_IRQHandler                          0x20000183   Thumb Code     0  startup_stm32f10x_md.o(.text)
    TIM3_IRQHandler                          0x20000183   Thumb Code     0  startup_stm32f10x_md.o(.text)
    TIM4_IRQHandler                          0x20000183   Thumb Code     0  startup_stm32f10x_md.o(.text)
    USART1_IRQHandler                        0x20000183   Thumb Code     0  startup_stm32f10x_md.o(.text)
    USART2_IRQHandler                        0x20000183   Thumb Code     0  startup_stm32f10x_md.o(.text)
    USART3_IRQHandler                        0x20000183   Thumb Code     0  startup_stm32f10x_md.o(.text)
    USBWakeUp_IRQHandler                     0x20000183   Thumb Code     0  startup_stm32f10x_md.o(.text)
    USB_HP_CAN1_TX_IRQHandler                0x20000183   Thumb Code     0  startup_stm32f10x_md.o(.text)
    USB_LP_CAN1_RX0_IRQHandler               0x20000183   Thumb Code     0  startup_stm32f10x_md.o(.text)
    WWDG_IRQHandler                          0x20000183   Thumb Code     0  startup_stm32f10x_md.o(.text)
    __user_initial_stackheap                 0x20000185   Thumb Code     0  startup_stm32f10x_md.o(.text)
    __use_two_region_memory                  0x200001a1   Thumb Code     2  heapauxi.o(.text)
    __rt_heap_escrow$2region                 0x200001a3   Thumb Code     2  heapauxi.o(.text)
    __rt_heap_expand$2region                 0x200001a5   Thumb Code     2  heapauxi.o(.text)
    __user_setup_stackheap                   0x200001a7   Thumb Code    74  sys_stackheap_outer.o(.text)
    exit                                     0x200001f1   Thumb Code    12  exit.o(.text)
    __user_libspace                          0x200001fd   Thumb Code     8  libspace.o(.text)
    __user_perproc_libspace                  0x200001fd   Thumb Code     0  libspace.o(.text)
    __user_perthread_libspace                0x200001fd   Thumb Code     0  libspace.o(.text)
    _sys_exit                                0x20000205   Thumb Code     8  sys_exit.o(.text)
    __I$use$semihosting                      0x20000211   Thumb Code     0  use_no_semi.o(.text)
    __use_no_semihosting_swi                 0x20000211   Thumb Code     2  use_no_semi.o(.text)
    Bresenham_Line                           0x20000213   Thumb Code    98  lcd.o(i.Bresenham_Line)
    __semihosting_library_function           0x20000213   Thumb Code     0  indicate_semi.o(.text)
    LCD_Address_Set                          0x20000275   Thumb Code    58  lcd.o(i.LCD_Address_Set)
    LCD_DrawPoint                            0x200002af   Thumb Code    28  lcd.o(i.LCD_DrawPoint)
    LCD_Fill                                 0x200002cb   Thumb Code    70  lcd.o(i.LCD_Fill)
    LCD_Init                                 0x20000311   Thumb Code   506  lcd.o(i.LCD_Init)
    LCD_WR_DATA                              0x20000519   Thumb Code    18  lcd.o(i.LCD_WR_DATA)
    LCD_WR_DATA8                             0x2000052b   Thumb Code    12  lcd.o(i.LCD_WR_DATA8)
    LCD_WR_REG                               0x20000539   Thumb Code    26  lcd.o(i.LCD_WR_REG)
    LCD_Writ_Bus                             0x2000055d   Thumb Code    68  lcd.o(i.LCD_Writ_Bus)
    Periphery_Init                           0x200005a5   Thumb Code   188  delay.o(i.Periphery_Init)
    Stm32_Clock_Init                         0x20000695   Thumb Code   126  delay.o(i.Stm32_Clock_Init)
    delay_ms                                 0x20000725   Thumb Code    54  delay.o(i.delay_ms)
    main                                     0x2000075b   Thumb Code    48  main.o(i.main)
    Region$$Table$$Base                      0x2000078c   Number         0  anon$$obj.o(Region$$Table)
    Region$$Table$$Limit                     0x2000079c   Number         0  anon$$obj.o(Region$$Table)
    __libspace_start                         0x20003000   Data          96  libspace.o(.bss)
    __temporary_stack_top$libspace           0x20003060   Data           0  libspace.o(.bss)



==============================================================================

Memory Map of the image

  Image Entry point : 0x200000ed

  Load Region LR_IROM1 (Base: 0x20000000, Size: 0x0000079c, Max: 0x00003000, ABSOLUTE)

    Execution Region ER_IROM1 (Base: 0x20000000, Size: 0x0000079c, Max: 0x00003000, ABSOLUTE)

    Base Addr    Size         Type   Attr      Idx    E Section Name        Object

    0x20000000   0x000000ec   Data   RO          132    RESET               startup_stm32f10x_md.o
    0x200000ec   0x00000008   Code   RO          142  * !!!main             c_w.l(__main.o)
    0x200000f4   0x00000034   Code   RO          298    !!!scatter          c_w.l(__scatter.o)
    0x20000128   0x0000001c   Code   RO          300    !!handler_zi        c_w.l(__scatter_zi.o)
    0x20000144   0x00000002   Code   RO          169    .ARM.Collect$$libinit$$00000000  c_w.l(libinit.o)
    0x20000146   0x00000000   Code   RO          176    .ARM.Collect$$libinit$$00000002  c_w.l(libinit2.o)
    0x20000146   0x00000000   Code   RO          178    .ARM.Collect$$libinit$$00000004  c_w.l(libinit2.o)
    0x20000146   0x00000000   Code   RO          181    .ARM.Collect$$libinit$$0000000A  c_w.l(libinit2.o)
    0x20000146   0x00000000   Code   RO          183    .ARM.Collect$$libinit$$0000000C  c_w.l(libinit2.o)
    0x20000146   0x00000000   Code   RO          185    .ARM.Collect$$libinit$$0000000E  c_w.l(libinit2.o)
    0x20000146   0x00000000   Code   RO          188    .ARM.Collect$$libinit$$00000011  c_w.l(libinit2.o)
    0x20000146   0x00000000   Code   RO          190    .ARM.Collect$$libinit$$00000013  c_w.l(libinit2.o)
    0x20000146   0x00000000   Code   RO          192    .ARM.Collect$$libinit$$00000015  c_w.l(libinit2.o)
    0x20000146   0x00000000   Code   RO          194    .ARM.Collect$$libinit$$00000017  c_w.l(libinit2.o)
    0x20000146   0x00000000   Code   RO          196    .ARM.Collect$$libinit$$00000019  c_w.l(libinit2.o)
    0x20000146   0x00000000   Code   RO          198    .ARM.Collect$$libinit$$0000001B  c_w.l(libinit2.o)
    0x20000146   0x00000000   Code   RO          200    .ARM.Collect$$libinit$$0000001D  c_w.l(libinit2.o)
    0x20000146   0x00000000   Code   RO          202    .ARM.Collect$$libinit$$0000001F  c_w.l(libinit2.o)
    0x20000146   0x00000000   Code   RO          204    .ARM.Collect$$libinit$$00000021  c_w.l(libinit2.o)
    0x20000146   0x00000000   Code   RO          206    .ARM.Collect$$libinit$$00000023  c_w.l(libinit2.o)
    0x20000146   0x00000000   Code   RO          208    .ARM.Collect$$libinit$$00000025  c_w.l(libinit2.o)
    0x20000146   0x00000000   Code   RO          212    .ARM.Collect$$libinit$$0000002C  c_w.l(libinit2.o)
    0x20000146   0x00000000   Code   RO          214    .ARM.Collect$$libinit$$0000002E  c_w.l(libinit2.o)
    0x20000146   0x00000000   Code   RO          216    .ARM.Collect$$libinit$$00000030  c_w.l(libinit2.o)
    0x20000146   0x00000000   Code   RO          218    .ARM.Collect$$libinit$$00000032  c_w.l(libinit2.o)
    0x20000146   0x00000002   Code   RO          219    .ARM.Collect$$libinit$$00000033  c_w.l(libinit2.o)
    0x20000148   0x00000002   Code   RO          239    .ARM.Collect$$libshutdown$$00000000  c_w.l(libshutdown.o)
    0x2000014a   0x00000000   Code   RO          253    .ARM.Collect$$libshutdown$$00000003  c_w.l(libshutdown2.o)
    0x2000014a   0x00000000   Code   RO          256    .ARM.Collect$$libshutdown$$00000006  c_w.l(libshutdown2.o)
    0x2000014a   0x00000000   Code   RO          259    .ARM.Collect$$libshutdown$$00000009  c_w.l(libshutdown2.o)
    0x2000014a   0x00000000   Code   RO          261    .ARM.Collect$$libshutdown$$0000000B  c_w.l(libshutdown2.o)
    0x2000014a   0x00000000   Code   RO          264    .ARM.Collect$$libshutdown$$0000000E  c_w.l(libshutdown2.o)
    0x2000014a   0x00000002   Code   RO          265    .ARM.Collect$$libshutdown$$0000000F  c_w.l(libshutdown2.o)
    0x2000014c   0x00000000   Code   RO          144    .ARM.Collect$$rtentry$$00000000  c_w.l(__rtentry.o)
    0x2000014c   0x00000000   Code   RO          146    .ARM.Collect$$rtentry$$00000002  c_w.l(__rtentry2.o)
    0x2000014c   0x00000006   Code   RO          158    .ARM.Collect$$rtentry$$00000004  c_w.l(__rtentry4.o)
    0x20000152   0x00000000   Code   RO          148    .ARM.Collect$$rtentry$$00000009  c_w.l(__rtentry2.o)
    0x20000152   0x00000004   Code   RO          149    .ARM.Collect$$rtentry$$0000000A  c_w.l(__rtentry2.o)
    0x20000156   0x00000000   Code   RO          151    .ARM.Collect$$rtentry$$0000000C  c_w.l(__rtentry2.o)
    0x20000156   0x00000008   Code   RO          152    .ARM.Collect$$rtentry$$0000000D  c_w.l(__rtentry2.o)
    0x2000015e   0x00000002   Code   RO          173    .ARM.Collect$$rtexit$$00000000  c_w.l(rtexit.o)
    0x20000160   0x00000000   Code   RO          221    .ARM.Collect$$rtexit$$00000002  c_w.l(rtexit2.o)
    0x20000160   0x00000004   Code   RO          222    .ARM.Collect$$rtexit$$00000003  c_w.l(rtexit2.o)
    0x20000164   0x00000006   Code   RO          223    .ARM.Collect$$rtexit$$00000004  c_w.l(rtexit2.o)
    0x2000016a   0x00000002   PAD
    0x2000016c   0x00000034   Code   RO          133    .text               startup_stm32f10x_md.o
    0x200001a0   0x00000006   Code   RO          140    .text               c_w.l(heapauxi.o)
    0x200001a6   0x0000004a   Code   RO          160    .text               c_w.l(sys_stackheap_outer.o)
    0x200001f0   0x0000000c   Code   RO          162    .text               c_w.l(exit.o)
    0x200001fc   0x00000008   Code   RO          170    .text               c_w.l(libspace.o)
    0x20000204   0x0000000c   Code   RO          231    .text               c_w.l(sys_exit.o)
    0x20000210   0x00000002   Code   RO          242    .text               c_w.l(use_no_semi.o)
    0x20000212   0x00000000   Code   RO          244    .text               c_w.l(indicate_semi.o)
    0x20000212   0x00000062   Code   RO           37    i.Bresenham_Line    lcd.o
    0x20000274   0x0000003a   Code   RO           38    i.LCD_Address_Set   lcd.o
    0x200002ae   0x0000001c   Code   RO           39    i.LCD_DrawPoint     lcd.o
    0x200002ca   0x00000046   Code   RO           40    i.LCD_Fill          lcd.o
    0x20000310   0x00000208   Code   RO           41    i.LCD_Init          lcd.o
    0x20000518   0x00000012   Code   RO           42    i.LCD_WR_DATA       lcd.o
    0x2000052a   0x0000000c   Code   RO           43    i.LCD_WR_DATA8      lcd.o
    0x20000536   0x00000002   PAD
    0x20000538   0x00000024   Code   RO           44    i.LCD_WR_REG        lcd.o
    0x2000055c   0x00000048   Code   RO           45    i.LCD_Writ_Bus      lcd.o
    0x200005a4   0x000000f0   Code   RO          100    i.Periphery_Init    delay.o
    0x20000694   0x00000090   Code   RO          101    i.Stm32_Clock_Init  delay.o
    0x20000724   0x00000036   Code   RO          102    i.delay_ms          delay.o
    0x2000075a   0x00000030   Code   RO            2    i.main              main.o
    0x2000078a   0x00000002   PAD
    0x2000078c   0x00000010   Data   RO          296    Region$$Table       anon$$obj.o


    Execution Region RW_IRAM1 (Base: 0x20003000, Size: 0x00000260, Max: 0x00020000, ABSOLUTE)

    Base Addr    Size         Type   Attr      Idx    E Section Name        Object

    0x20003000   0x00000060   Zero   RW          171    .bss                c_w.l(libspace.o)
    0x20003060   0x00000000   Zero   RW          131    HEAP                startup_stm32f10x_md.o
    0x20003060   0x00000200   Zero   RW          130    STACK               startup_stm32f10x_md.o


==============================================================================

Image component sizes


      Code (inc. data)   RO Data    RW Data    ZI Data      Debug   Object Name

       438         70          0          0          0       1527   delay.o
       912         28          0          0          0       5542   lcd.o
        48          0          0          0          0     207955   main.o
        52         18        236          0        512        832   startup_stm32f10x_md.o

    ----------------------------------------------------------------------
      1454        116        252          0        512     215856   Object Totals
         0          0         16          0          0          0   (incl. Generated)
         4          0          0          0          0          0   (incl. Padding)

    ----------------------------------------------------------------------

      Code (inc. data)   RO Data    RW Data    ZI Data      Debug   Library Member Name

         8          0          0          0          0         68   __main.o
         0          0          0          0          0          0   __rtentry.o
        12          0          0          0          0          0   __rtentry2.o
         6          0          0          0          0          0   __rtentry4.o
        52          8          0          0          0          0   __scatter.o
        28          0          0          0          0          0   __scatter_zi.o
        12          0          0          0          0         72   exit.o
         6          0          0          0          0        152   heapauxi.o
         0          0          0          0          0          0   indicate_semi.o
         2          0          0          0          0          0   libinit.o
         2          0          0          0          0          0   libinit2.o
         2          0          0          0          0          0   libshutdown.o
         2          0          0          0          0          0   libshutdown2.o
         8          4          0          0         96         68   libspace.o
         2          0          0          0          0          0   rtexit.o
        10          0          0          0          0          0   rtexit2.o
        12          4          0          0          0         68   sys_exit.o
        74          0          0          0          0         80   sys_stackheap_outer.o
         2          0          0          0          0         68   use_no_semi.o

    ----------------------------------------------------------------------
       242         16          0          0         96        576   Library Totals
         2          0          0          0          0          0   (incl. Padding)

    ----------------------------------------------------------------------

      Code (inc. data)   RO Data    RW Data    ZI Data      Debug   Library Name

       240         16          0          0         96        576   c_w.l

    ----------------------------------------------------------------------
       242         16          0          0         96        576   Library Totals

    ----------------------------------------------------------------------

==============================================================================


      Code (inc. data)   RO Data    RW Data    ZI Data      Debug   

      1696        132        252          0        608     215684   Grand Totals
      1696        132        252          0        608     215684   ELF Image Totals
      1696        132        252          0          0          0   ROM Totals

==============================================================================

    Total RO  Size (Code + RO Data)                 1948 (   1.90kB)
    Total RW  Size (RW Data + ZI Data)               608 (   0.59kB)
    Total ROM Size (Code + RO Data + RW Data)       1948 (   1.90kB)

==============================================================================

